C:\Users\user\Documents\Proyectos\voucherGenerator\src\main\java\com\cromosol\voucherGenerator\VoucherGeneratorApplication.java
C:\Users\user\Documents\Proyectos\voucherGenerator\src\main\java\com\cromosol\voucherGenerator\util\PdfCreationUtil.java
C:\Users\user\Documents\Proyectos\voucherGenerator\src\main\java\com\cromosol\voucherGenerator\enums\CompanyEnum.java
C:\Users\user\Documents\Proyectos\voucherGenerator\src\main\java\com\cromosol\voucherGenerator\service\impl\VoucherGeneratorServiceImpl.java
C:\Users\user\Documents\Proyectos\voucherGenerator\src\main\java\com\cromosol\voucherGenerator\util\PdfClasspathUriResolver.java
C:\Users\user\Documents\Proyectos\voucherGenerator\src\main\java\com\cromosol\voucherGenerator\entity\ItemVoucher.java
C:\Users\user\Documents\Proyectos\voucherGenerator\src\main\java\com\cromosol\voucherGenerator\entity\Voucher.java
C:\Users\user\Documents\Proyectos\voucherGenerator\src\main\java\com\cromosol\voucherGenerator\util\XmlUtil.java
C:\Users\user\Documents\Proyectos\voucherGenerator\src\main\java\com\cromosol\voucherGenerator\exception\PDFCreationException.java
C:\Users\user\Documents\Proyectos\voucherGenerator\src\main\java\com\cromosol\voucherGenerator\util\DocumentWrapper.java
C:\Users\user\Documents\Proyectos\voucherGenerator\src\main\java\com\cromosol\voucherGenerator\entity\VoucherPage.java
C:\Users\user\Documents\Proyectos\voucherGenerator\src\main\java\com\cromosol\voucherGenerator\service\VoucherGeneratorService.java
